../Core/Inc/jsmn.h:106:19:jsmn_alloc_token	32	static
../Core/Inc/jsmn.h:124:13:jsmn_fill_token	24	static
../Core/Inc/jsmn.h:135:12:jsmn_parse_primitive	32	static
../Core/Inc/jsmn.h:193:12:jsmn_parse_string	40	static
../Core/Inc/jsmn.h:268:14:jsmn_parse	56	static
../Core/Inc/jsmn.h:459:15:jsmn_init	16	static
../Core/Src/app.c:15:7:receiveESP	24	static
../Core/Src/app.c:52:7:receivePacketWithHeader	24	static
../Core/Src/app.c:66:6:waitForResponse	24	static
../Core/Src/app.c:83:6:resetESP	16	static
../Core/Src/app.c:105:6:connectAP	16	static
../Core/Src/app.c:142:6:connectNTPServer	16	static
../Core/Src/app.c:169:6:connectServer	16	static
../Core/Src/app.c:188:6:closeServer	16	static
../Core/Src/app.c:198:6:startServer	8	static
../Core/Src/app.c:216:6:sendServer	24	static
../Core/Src/app.c:232:6:receiveServer	16	static
../Core/Src/app.c:238:6:connectMQTT	16	static
../Core/Src/app.c:272:7:receiveMQTT	16	static
../Core/Src/app.c:279:5:jsoneq	24	static
../Core/Src/app.c:287:6:json_parse	2112	static
../Core/Src/app.c:344:6:SystickCallback	8	static
../Core/Src/app.c:353:6:app	536	static
