../Core/Inc/jsmn.h:106:19:jsmn_alloc_token	32	static
../Core/Inc/jsmn.h:124:13:jsmn_fill_token	24	static
../Core/Inc/jsmn.h:135:12:jsmn_parse_primitive	32	static
../Core/Inc/jsmn.h:193:12:jsmn_parse_string	40	static
../Core/Inc/jsmn.h:268:14:jsmn_parse	56	static
../Core/Inc/jsmn.h:459:15:jsmn_init	16	static
../Core/Src/app.c:12:7:receiveESP	24	static
../Core/Src/app.c:49:7:receivePacketWithHeader	24	static
../Core/Src/app.c:63:6:waitForResponse	24	static
../Core/Src/app.c:80:6:resetESP	16	static
../Core/Src/app.c:102:6:connectAP	16	static
../Core/Src/app.c:139:6:connectNTPServer	16	static
../Core/Src/app.c:166:6:connectServer	16	static
../Core/Src/app.c:185:6:closeServer	16	static
../Core/Src/app.c:195:6:startServer	8	static
../Core/Src/app.c:213:6:sendServer	24	static
../Core/Src/app.c:229:6:receiveServer	16	static
../Core/Src/app.c:235:6:connectMQTT	16	static
../Core/Src/app.c:269:7:receiveMQTT	16	static
../Core/Src/app.c:276:5:jsoneq	24	static
../Core/Src/app.c:284:6:json_parse	2112	static
../Core/Src/app.c:327:6:app	536	static
